     1                                 %line 1+1 ex6_coutSum.asm
     2                                 
     3                                 
     4                                 
     5                                 
     6                                 
     7                                 
     8                                 
     9                                 
    10                                 
    11                                 
    12                                 [section .data]
    13 00000000 31202B2032202B2033-    str1 db "1 + 2 + 3 +...+ 10 = "
    14 00000000 202B2E2E2E2B203130-
    15 00000000 203D20             
    16 00000015 00                     sum db 0
    17 00000016 30300A                 ascii db "00", 10
    18                                 
    19                                 [section .text]
    20                                 [global _start]
    21                                 _start:
    22                                 
    23 00000000 B101                    mov cl, 1
    24                                 doloop:
    25 00000002 000C25[00000000]        add byte[sum], cl
    26 00000009 FEC1                    inc cl
    27 0000000B 80F90A                  cmp cl, 10
    28 0000000E 76F0                    jbe doloop
    29                                 
    30                                 
    31 00000010 B400                    mov ah, 0
    32 00000012 8A0425[00000000]        mov al, byte[sum]
    33 00000019 B30A                    mov bl, 10
    34 0000001B F6F3                    div bl
    35 0000001D 000425[00000000]        add byte[ascii+0], al
    36 00000024 002425[01000000]        add byte[ascii+1], ah
    37 0000002B C60425[02000000]0A      mov byte[ascii+2], 10
    38                                 
    39                                 
    40 00000033 48C7C001000000          mov rax, 1
    41 0000003A 48C7C701000000          mov rdi, 1
    42 00000041 48C7C6[00000000]        mov rsi, str1
    43 00000048 48C7C215000000          mov rdx, 21
    44 0000004F 0F05                    syscall
    45                                 
    46                                 
    47 00000051 48C7C001000000          mov rax, 1
    48 00000058 48C7C701000000          mov rdi, 1
    49 0000005F 48C7C6[00000000]        mov rsi, ascii
    50 00000066 48C7C203000000          mov rdx, 3
    51 0000006D 0F05                    syscall
    52                                 
    53                                 
    54 0000006F 48C7C03C000000          mov rax, 60
    55 00000076 48C7C700000000          mov rdi, 0
    56 0000007D 0F05                    syscall
