     1                                 %line 1+1 addition_sample.asm
     2                                 
     3                                 
     4                                 
     5                                 
     6                                 
     7                                 
     8                                 [section .data]
     9                                 
    10                                 
    11                                 
    12                                 
    13                                 
    14 00000000 64                      num1 db 100
    15 00000001 C8                      num2 db 200
    16 00000002 0000                    sum dw 0
    17                                 
    18                                 [section .text]
    19                                 [global _start]
    20                                 
    21                                 _start:
    22                                 
    23 00000000 B400                    mov ah, 0
    24                                 
    25                                 
    26 00000002 8A0425[00000000]        mov al, byte[num1]
    27                                 
    28                                 
    29                                 
    30                                 
    31 00000009 020425[00000000]        add al, byte[num2]
    32                                 
    33                                 
    34                                 
    35                                 
    36 00000010 80D400                  adc ah, 0
    37                                 
    38                                 
    39                                 
    40 00000013 66890425[00000000]      mov word[sum], ax
    41                                 
    42 0000001B 48C7C03C000000          mov rax, 60
    43 00000022 48C7C700000000          mov rdi, 0
    44 00000029 0F05                    syscall
