     1                                 %line 1+1 greater_or_less_than.asm
     2                                 [section .data]
     3 00000000 64000000                my_test dd 100
     4 00000004 00000000                greater dd 0
     5 00000008 00000000                less dd 0
     6 0000000C 00000000                between dd 0
     7                                 
     8                                 [section .text]
     9                                 [global _start]
    10                                 
    11                                 _start:
    12 00000000 8B0425[00000000]        mov eax, dword[my_test]
    13 00000007 83F832                  cmp eax, 50
    14 0000000A 7E15                    jle less_than
    15 0000000C 83F83C                  cmp eax, 60
    16 0000000F 7D07                    jge greater_than
    17 00000011 FF0425[00000000]        inc dword[between]
    18 00000018 EB0E                    jmp end
    19                                 
    20                                  greater_than:
    21 0000001A FF0425[00000000]        inc dword[greater]
    22 00000021 EB05                    jmp end
    23                                  less_than:
    24 00000023 FF0425[00000000]        inc dword[less]
    25                                 
    26                                  end:
    27 0000002A 48C7C03C000000          mov rax, 60
    28 00000031 48C7C700000000          mov rdi, 0
    29 00000038 0F05                    syscall
    30                                 
    31                                 
    32                                 
    33                                 
    34                                 
