     1                                 %line 1+1 ex2_subtraction.asm
     2                                 
     3                                 
     4                                 
     5                                 
     6                                 
     7                                 [section .data]
     8 00000000 3075                    num1 dw 30000
     9 00000002 409C                    num2 dw 40000
    10 00000004 00000000                dif dd 0
    11                                 
    12                                 [section .text]
    13                                 [global _start]
    14                                 
    15                                 _start:
    16 00000000 668B0425[00000000]      mov ax, word[num1]
    17 00000008 662B0425[00000000]      sub ax, word[num2]
    18 00000010 6683DB00                sbb bx, 0
    19 00000014 66890425[00000000]      mov word[dif + 0], ax
    20 0000001C 66891C25[02000000]      mov word[dif + 2], bx
    21                                 
    22 00000024 48C7C03C000000          mov rax, 60
    23 0000002B 48C7C700000000          mov rdi, 0
    24 00000032 0F05                    syscall
