     1                                 %line 1+1 area_triangle2.asm
     2                                 
     3                                 
     4                                 
     5                                 
     6                                 
     7                                 [section .data]
     8                                 
     9 00000000 3B                      base db 59
    10 00000001 1B                      height db 27
    11 00000002 0000                    area dw 0
    12                                 
    13                                 [section .text]
    14                                 [global _start]
    15                                 
    16                                 _start:
    17                                 
    18                                 
    19                                 
    20                                 
    21                                 
    22 00000000 8A0425[00000000]        mov al, byte[base]
    23                                 
    24                                 
    25                                 
    26                                 
    27                                 
    28                                 
    29 00000007 F62425[00000000]        mul byte[height]
    30                                 
    31                                 
    32                                 
    33                                 
    34                                 
    35                                 
    36 0000000E 66890425[00000000]      mov word[area], ax
    37                                 
    38                                 
    39                                 
    40                                 
    41                                 
    42                                 
    43 00000016 66BA0000                mov dx, 0
    44                                 
    45                                 
    46                                 
    47                                 
    48                                 
    49 0000001A 66B90200                mov cx, 2
    50                                 
    51                                 
    52 0000001E 66F7F1                  div cx
    53                                 
    54                                 
    55 00000021 66890425[00000000]      mov word[area], ax
    56                                 
    57                                 
    58                                 
    59                                 
    60                                 
    61 00000029 48C7C03C000000          mov rax, 60
    62 00000030 48C7C700000000          mov rdi, 0
    63 00000037 0F05                    syscall
    64                                 
