     1                                 %line 1+1 area_triangle.asm
     2                                 
     3                                 
     4                                 
     5                                 [section .data]
     6                                 
     7                                 
     8                                 
     9 00000000 3B00                    base dw 59
    10 00000002 1B00                    height dw 27
    11 00000004 0000                    area dw 0
    12                                 
    13                                 [section .text]
    14                                 [global _start]
    15                                 
    16                                 _start:
    17                                 
    18                                 
    19                                 
    20                                 
    21                                 
    22 00000000 668B0425[00000000]      mov ax, word[base]
    23                                 
    24                                 
    25                                 
    26                                 
    27 00000008 66F72425[00000000]      mul word[height]
    28                                 
    29 00000010 66890425[00000000]      mov word[area], ax
    30                                 
    31                                 
    32                                 
    33 00000018 66BA0000                mov dx, 0
    34                                 
    35                                 
    36 0000001C 66B90200                mov cx, 2
    37                                 
    38 00000020 66F7F1                  div cx
    39                                 
    40 00000023 66890425[00000000]      mov word[area], ax
    41                                 
    42                                 
    43 0000002B 48C7C03C000000          mov rax, 60
    44 00000032 48C7C700000000          mov rdi, 0
    45 00000039 0F05                    syscall
    46                                 
