     1                                 %line 1+1 q2.asm
     2                                 
     3                                 
     4                                 
     5                                 
     6                                 
     7                                 [section .data]
     8                                 
     9                                 
    10 00000000 00                     mul5 db 0
    11                                 
    12                                 
    13                                 [section .text]
    14                                 [global _start]
    15                                 _start:
    16                                 
    17                                 
    18 00000000 B105                    mov cl, 5
    19                                 next:
    20                                 
    21                                 
    22 00000002 B400                    mov ah, 0
    23                                 
    24 00000004 88C8                    mov al, cl
    25 00000006 B305                    mov bl, 5
    26 00000008 F6F3                    div bl
    27                                 
    28                                 
    29 0000000A 80FC00                  cmp ah, 0
    30 0000000D 7505                    jne skip
    31                                 
    32 0000000F FE0425[00000000]        inc byte[mul5]
    33                                 
    34                                 
    35                                 
    36                                 skip:
    37 00000016 FEC1                    inc cl
    38 00000018 80F909                  cmp cl, 9
    39 0000001B 75E3                    jne next
    40                                 
    41                                 
    42                                 
    43                                 
    44                                 
    45                                 
    46                                 
    47                                 
    48                                 
    49                                 
    50                                 
    51                                 
    52                                 
    53                                 
    54 0000001D 48C7C03C000000          mov rax, 60
    55 00000024 48C7C700000000          mov rdi, 0
    56 0000002B 0F05                    syscall
