     1                                 %line 1+1 q3.asm
     2                                 
     3                                 
     4                                 
     5                                 
     6                                 
     7                                 
     8                                 
     9                                 
    10                                 
    11                                 [section .data]
    12 00000000 7737DF6051             num db 119, 55, 223, 96, 81
    13 00000005 00000000               sum dd 0
    14                                 
    15                                 
    16                                 [section .text]
    17                                 [global _start]
    18                                 _start:
    19 00000000 B000                    mov al, 0
    20 00000002 48C7C600000000          mov rsi, 0
    21                                 
    22                                 
    23                                 next:
    24                                 
    25                                 
    26 00000009 0286[00000000]          add al, byte[num+rsi]
    27                                 
    28                                 
    29                                 
    30                                 
    31                                 
    32                                 
    33                                 
    34 0000000F 80D400                  adc ah, 0
    35                                 
    36 00000012 48FFC6                  inc rsi
    37 00000015 4883FE05                cmp rsi, 5
    38 00000019 75EC                    jne next
    39                                 
    40                                 
    41 0000001B 880425[00000000]        mov byte[sum+0], al
    42 00000022 882425[01000000]        mov byte[sum+1], ah
    43                                 
    44                                 
    45                                 
    46                                 
    47                                 
    48                                 
    49                                 
    50                                 
    51                                 
    52                                 
    53                                 
    54                                 
    55                                 
    56 00000029 48C7C03C000000          mov rax, 60
    57 00000030 48C7C700000000          mov rdi, 0
    58 00000037 0F05                    syscall
