     1                                 %line 1+1 perimeter.asm
     2                                 
     3                                 
     4                                 
     5                                 
     6                                 
     7                                 
     8                                 
     9                                 
    10                                 
    11                                 
    12                                 
    13                                 
    14                                 
    15                                 
    16                                 
    17                                 [section .data]
    18 00000000 665C                    side1 dw 23654
    19 00000002 6428                    side2 dw 10340
    20 00000004 103B                    side3 dw 15120
    21 00000006 914B                    side4 dw 19345
    22 00000008 00000000                perimeter dd 0
    23                                 
    24 0000000C 00000000                diff dd 0
    25                                 
    26                                 
    27                                 
    28                                 
    29                                 [section .text]
    30                                 [global _start]
    31                                 
    32                                 _start:
    33                                 
    34                                 
    35 00000000 668B0425[00000000]      mov ax, word[side1]
    36 00000008 66030425[00000000]      add ax, word[side2]
    37 00000010 66030425[00000000]      add ax, word[side3]
    38                                 
    39 00000018 66030425[00000000]      add ax, word[side4]
    40 00000020 6683D200                adc dx, 0
    41                                 
    42 00000024 66890425[00000000]      mov word[perimeter + 0], ax
    43 0000002C 66891425[02000000]      mov word[perimeter + 2], dx
    44                                 
    45                                 
    46                                 
    47                                 
    48 00000034 48C7C000000000          mov rax, 0
    49 0000003B 48C7C200000000          mov rdx, 0
    50                                 
    51 00000042 668B0425[00000000]      mov ax, word[side4]
    52 0000004A 662B0425[00000000]      sub ax, word[side1]
    53 00000052 6683DA00                sbb dx, 0
    54                                 
    55 00000056 66890425[00000000]      mov word[diff + 0], ax
    56 0000005E 66891425[02000000]      mov word[diff + 2], dx
    57                                 
    58                                 
    59                                 
    60 00000066 48C7C03C000000          mov rax, 60
    61 0000006D 48C7C700000000          mov rdi, 0
    62 00000074 0F05                    syscall
