     1                                 %line 1+1 ex3_division2.asm
     2                                 
     3                                 
     4                                 
     5                                 
     6                                 
     7                                 
     8                                 [section .data]
     9 00000000 A0860100                num1 dd 100000
    10 00000004 4D01                    num2 dw 333
    11 00000006 0000                    quotient dw 0
    12 00000008 0000                    remainder dw 0
    13                                 
    14                                 [section .text]
    15                                 [global _start]
    16                                 
    17                                 _start:
    18                                 
    19                                 
    20                                 
    21                                 
    22                                 
    23                                 
    24                                 
    25 00000000 668B1425[02000000]      mov dx, word[num1+2]
    26 00000008 668B0425[00000000]      mov ax, word[num1+0]
    27                                 
    28                                 
    29                                 
    30 00000010 66F73425[00000000]      div word[num2]
    31                                 
    32                                 
    33 00000018 66890425[00000000]      mov word[quotient], ax
    34 00000020 66891425[00000000]      mov word[remainder], dx
    35                                 
    36 00000028 48C7C03C000000          mov rax, 60
    37 0000002F 48C7C700000000          mov rdi, 0
    38 00000036 0F05                    syscall
